Microchip MPLAB XC8 Compiler V1.35 ()

Linker command line:

--edf=C:\Program Files (x86)\Microchip\xc8\v1.35\dat\en_msgs.txt -cs \
  -h+dist/default/production\pager_v2.X.production.sym \
  --cmf=dist/default/production\pager_v2.X.production.cmf -z -Q16F877A \
  -oC:\Users\MIRZET~1\AppData\Local\Temp\sqk.2 \
  -Mdist/default/production/pager_v2.X.production.map -E1 -ver=XC8 \
  -ASTACK=0110h-016fh -pstack=STACK -ACODE=00h-07FFhx4 -ASTRCODE=00h-01FFFh \
  -ASTRING=00h-0FFhx32 -ACONST=00h-0FFhx32 -AENTRY=00h-0FFhx32 \
  -ACOMMON=070h-07Fh -ABANK0=020h-06Fh -ABANK1=0A0h-0EFh \
  -ABANK2=0110h-016Fh -ABANK3=0190h-01EFh \
  -ARAM=020h-06Fh,0A0h-0EFh,0110h-016Fh,0190h-01EFh \
  -AABS1=020h-07Fh,0A0h-0EFh,0110h-016Fh,0190h-01EFh -ASFR0=00h-01Fh \
  -ASFR1=080h-09Fh -ASFR2=0100h-010Fh -ASFR3=0180h-018Fh \
  -preset_vec=00h,intentry=04h,init,end_init -ppowerup=CODE -pcinit=CODE \
  -pfunctab=CODE -ACONFIG=02007h-02007h -pconfig=CONFIG -DCONFIG=2 \
  -AIDLOC=02000h-02003h -pidloc=IDLOC -DIDLOC=2 -AEEDATA=00h-0FFh/02100h \
  -peeprom_data=EEDATA -DEEDATA=2 -DCODE=2 -DSTRCODE=2 -DSTRING=2 -DCONST=2 \
  -DENTRY=2 -k C:\Users\MIRZET~1\AppData\Local\Temp\sqk.obj \
  dist/default/production\pager_v2.X.production.obj 

Object code version is 3.11

Machine type is 16F877A



                Name                               Link     Load   Length Selector   Space Scale
C:\Users\MIRZET~1\AppData\Local\Temp\sqk.obj
                end_init                             12       12        3        8       0
                reset_vec                             0        0        3        0       0
                config                             2007     2007        1     400E       0
dist/default/production\pager_v2.X.production.obj
                cinit                                15       15       13        8       0
                intentry                              4        4        E        8       0
                text7                               16B      16B       14        8       0
                text6                                C8       C8       7C        8       0
                text5                               18E      18E        F        8       0
                text4                               19D      19D        D        8       0
                text3                               1AA      1AA        9        8       0
                text2                               144      144       27        8       0
                text1                                28       28       A0        8       0
                maintext                            17F      17F        F        8       0
                cstackBANK0                          26       26        3       20       1
                cstackCOMMON                         75       75        5       70       1
                bssBANK0                             20       20        6       20       1
                dataCOMMON                           7A       7A        1       70       1
                bssCOMMON                            70       70        5       70       1
                nvBANK0                              29       29        2       20       1
                idataCOMMON                         1B3      1B3        1        8       0

TOTAL           Name                               Link     Load   Length     Space
        CLASS   STACK          

        CLASS   CODE           
                end_init                             12       12        3         0
                cinit                                15       15       13         0
                intentry                              4        4        E         0
                reset_vec                             0        0        3         0
                text7                               16B      16B       14         0
                text6                                C8       C8       7C         0
                text5                               18E      18E        F         0
                text4                               19D      19D        D         0
                text3                               1AA      1AA        9         0
                text2                               144      144       27         0
                text1                                28       28       A0         0
                maintext                            17F      17F        F         0
                idataCOMMON                         1B3      1B3        1         0

        CLASS   STRCODE        

        CLASS   STRING         

        CLASS   CONST          

        CLASS   ENTRY          

        CLASS   COMMON         
                cstackCOMMON                         75       75        5         1
                dataCOMMON                           7A       7A        1         1
                bssCOMMON                            70       70        5         1

        CLASS   BANK0          
                cstackBANK0                          26       26        3         1
                bssBANK0                             20       20        6         1
                nvBANK0                              29       29        2         1

        CLASS   BANK1          

        CLASS   BANK2          

        CLASS   BANK3          

        CLASS   RAM            

        CLASS   ABS1           
                abs_s1                               7E       7E        2         1

        CLASS   SFR0           

        CLASS   SFR1           

        CLASS   SFR2           

        CLASS   SFR3           

        CLASS   CONFIG         
                config                             2007     2007        1         0

        CLASS   IDLOC          

        CLASS   EEDATA         



SEGMENTS        Name                           Load    Length   Top    Selector   Space  Class     Delta

                reset_vec                      000000  000003  000003         0       0  CODE        2
                intentry                       000004  0001B0  0001B4         8       0  CODE        2
                bssBANK0                       000020  00000B  00002B        20       1  BANK0       1
                bssCOMMON                      000070  00000B  00007B        70       1  COMMON      1
                config                         002007  000001  002008      400E       0  CONFIG      2


UNUSED ADDRESS RANGES

        Name                Unused          Largest block    Delta
        BANK0            002B-006F             45           1
        BANK1            00A0-00EF             50           1
        BANK2            0110-016F             60           1
        BANK3            0190-01EF             60           1
        CODE             0003-0003              1           2
                         01B4-1FFF            800
        COMMON           007B-007D              3           1
        CONST            0003-0003              1           2
                         01B4-1FFF            100
        EEDATA           2100-21FF            100           2
        ENTRY            0003-0003              1           2
                         01B4-1FFF            100
        IDLOC            2000-2003              4           2
        RAM              002B-006F             45           1
                         00A0-00EF             50
                         0110-016F             60
                         0190-01EF             60
        SFR0             0000-001F             20           1
        SFR1             0080-009F             20           1
        SFR2             0100-010F             10           1
        SFR3             0180-018F             10           1
        STACK            0110-016F             60           1
        STRCODE          0003-0003              1           2
                         01B4-1FFF           1E4C
        STRING           0003-0003              1           2
                         01B4-1FFF            100

                                  Symbol Table

_ADCS0                    (abs)        00FE
_ADCS1                    (abs)        00FF
_ADCS2                    (abs)        04FE
_ADFM                     (abs)        04FF
_ADIE                     (abs)        0466
_ADIF                     (abs)        0066
_ADON                     (abs)        00F8
_ADRESH                   (abs)        001E
_BATERIJA                 nvBANK0      0029
_BRGH                     (abs)        04C2
_CHS0                     (abs)        00FB
_CHS1                     (abs)        00FC
_CHS2                     (abs)        00FD
_GIE                      (abs)        005F
_GO                       (abs)        00FA
_PCFG0                    (abs)        04F8
_PCFG1                    (abs)        04F9
_PCFG2                    (abs)        04FA
_PCFG3                    (abs)        04FB
_PEIE                     (abs)        005E
_PR2                      (abs)        0092
_PS0                      (abs)        0408
_PS1                      (abs)        0409
_PS2                      (abs)        040A
_PSA                      (abs)        040B
_RA5                      (abs)        002D
_RB0                      (abs)        0030
_RC3                      (abs)        003B
_RD0                      (abs)        0040
_RD1                      (abs)        0041
_RD2                      (abs)        0042
_RD3                      (abs)        0043
_RD4                      (abs)        0044
_RD5                      (abs)        0045
_RD6                      (abs)        0046
_SPBRG                    (abs)        0099
_SPEN                     (abs)        00C7
_STANJE                   nvBANK0      002A
_SYNC                     (abs)        04C4
_T0CS                     (abs)        040D
_T1CKPS0                  (abs)        0084
_T1CKPS1                  (abs)        0085
_T1OSCEN                  (abs)        0083
_T2CKPS0                  (abs)        0090
_T2CKPS1                  (abs)        0091
_TMR0IE                   (abs)        005D
_TMR0IF                   (abs)        005A
_TMR1CS                   (abs)        0081
_TMR1IE                   (abs)        0460
_TMR1IF                   (abs)        0060
_TMR1ON                   (abs)        0080
_TMR2IE                   (abs)        0461
_TMR2IF                   (abs)        0061
_TMR2ON                   (abs)        0092
_TRISAbits                (abs)        0085
_TRISBbits                (abs)        0086
_TRISCbits                (abs)        0087
_TRISD                    (abs)        0088
_TXEN                     (abs)        04C5
_TXREG                    (abs)        0019
__CFG_BOREN$OFF           (abs)        0000
__CFG_CP$OFF              (abs)        0000
__CFG_CPD$OFF             (abs)        0000
__CFG_FOSC$HS             (abs)        0000
__CFG_LVP$OFF             (abs)        0000
__CFG_PWRTE$OFF           (abs)        0000
__CFG_WDTE$OFF            (abs)        0000
__CFG_WRT$OFF             (abs)        0000
__Habs1                   abs1         0000
__Hbank0                  bank0        0000
__Hbank1                  bank1        0000
__Hbank2                  bank2        0000
__Hbank3                  bank3        0000
__HbssBANK0               bssBANK0     0000
__HbssCOMMON              bssCOMMON    0000
__Hcinit                  cinit        0028
__Hclrtext                clrtext      0000
__Hcode                   code         0000
__Hcommon                 common       0000
__Hconfig                 config       2008
__HcstackBANK0            cstackBANK0  0000
__HcstackCOMMON           cstackCOMMON 0000
__HdataCOMMON             dataCOMMON   0000
__Heeprom_data            eeprom_data  0000
__Hend_init               end_init     0015
__Hfunctab                functab      0000
__HidataCOMMON            idataCOMMON  0000
__Hidloc                  idloc        0000
__Hinit                   init         0012
__Hintentry               intentry     0012
__Hmaintext               maintext     0000
__HnvBANK0                nvBANK0      0000
__Hpowerup                powerup      0000
__Hram                    ram          0000
__Hreset_vec              reset_vec    0003
__Hsfr0                   sfr0         0000
__Hsfr1                   sfr1         0000
__Hsfr2                   sfr2         0000
__Hsfr3                   sfr3         0000
__Hspace_0                (abs)        2008
__Hspace_1                (abs)        007B
__Hspace_2                (abs)        0000
__Hspace_3                (abs)        0000
__Hstack                  stack        0000
__Hstrings                strings      0000
__Htext                   text         0000
__Labs1                   abs1         0000
__Lbank0                  bank0        0000
__Lbank1                  bank1        0000
__Lbank2                  bank2        0000
__Lbank3                  bank3        0000
__LbssBANK0               bssBANK0     0000
__LbssCOMMON              bssCOMMON    0000
__Lcinit                  cinit        0015
__Lclrtext                clrtext      0000
__Lcode                   code         0000
__Lcommon                 common       0000
__Lconfig                 config       2007
__LcstackBANK0            cstackBANK0  0000
__LcstackCOMMON           cstackCOMMON 0000
__LdataCOMMON             dataCOMMON   0000
__Leeprom_data            eeprom_data  0000
__Lend_init               end_init     0012
__Lfunctab                functab      0000
__LidataCOMMON            idataCOMMON  0000
__Lidloc                  idloc        0000
__Linit                   init         0012
__Lintentry               intentry     0004
__Lmaintext               maintext     0000
__LnvBANK0                nvBANK0      0000
__Lpowerup                powerup      0000
__Lram                    ram          0000
__Lreset_vec              reset_vec    0000
__Lsfr0                   sfr0         0000
__Lsfr1                   sfr1         0000
__Lsfr2                   sfr2         0000
__Lsfr3                   sfr3         0000
__Lspace_0                (abs)        0000
__Lspace_1                (abs)        0000
__Lspace_2                (abs)        0000
__Lspace_3                (abs)        0000
__Lstack                  stack        0000
__Lstrings                strings      0000
__Ltext                   text         0000
__S0                      (abs)        2008
__S1                      (abs)        007B
__S2                      (abs)        0000
__S3                      (abs)        0000
___int_sp                 stack        0000
___latbits                (abs)        0002
___sp                     stack        0000
__end_of__initialization  cinit        0024
__end_of_init             text2        016B
__end_of_init_buzz        text5        019D
__end_of_init_debug       text4        01AA
__end_of_init_rf          text3        01B3
__end_of_led_show         text7        017F
__end_of_main             maintext     018E
__end_of_prekidna_rutina  text6        0144
__end_of_rf_decode        text1        00C8
__initialization          cinit        0015
__pbssBANK0               bssBANK0     0020
__pbssCOMMON              bssCOMMON    0070
__pcstackBANK0            cstackBANK0  0026
__pcstackCOMMON           cstackCOMMON 0075
__pdataCOMMON             dataCOMMON   007A
__pidataCOMMON            idataCOMMON  01B3
__pintentry               intentry     0004
__pmaintext               maintext     017F
__pnvBANK0                nvBANK0      0029
__ptext1                  text1        0028
__ptext2                  text2        0144
__ptext3                  text3        01AA
__ptext4                  text4        019D
__ptext5                  text5        018E
__ptext6                  text6        00C8
__ptext7                  text7        016B
__size_of_init            (abs)        0000
__size_of_init_buzz       (abs)        0000
__size_of_init_debug      (abs)        0000
__size_of_init_rf         (abs)        0000
__size_of_led_show        (abs)        0000
__size_of_main            (abs)        0000
__size_of_prekidna_rutina (abs)        0000
__size_of_rf_decode       (abs)        0000
_brojacLED                bssBANK0     0022
_i                        bssCOMMON    0070
_init                     text2        0144
_init_buzz                text5        018E
_init_debug               text4        019D
_init_rf                  text3        01AA
_kod                      bssCOMMON    0071
_kodKraj                  bssBANK0     0024
_led_show                 text7        016B
_loop                     bssCOMMON    0072
_main                     maintext     017F
_opsegID                  bssBANK0     0025
_pagerID                  dataCOMMON   007A
_play                     bssCOMMON    0073
_prekidna_rutina          text6        00C8
_rf_data                  bssBANK0     0020
_rf_decode                text1        0028
_sound                    bssCOMMON    0074
btemp                     (abs)        007E
end_of_initialization     cinit        0024
interrupt_function        intentry     0004
intlevel0                 functab      0000
intlevel1                 functab      0000
intlevel2                 functab      0000
intlevel3                 functab      0000
intlevel4                 functab      0000
intlevel5                 functab      0000
ltemp                     (abs)        007E
ltemp0                    (abs)        007E
ltemp1                    (abs)        0082
ltemp2                    (abs)        0086
ltemp3                    (abs)        0080
reset_vec                 reset_vec    0000
rf_decode@podatak         cstackBANK0  0028
saved_w                   (abs)        007E
stackhi                   (abs)        0000
stacklo                   (abs)        0000
start                     init         0012
start_initialization      cinit        0015
ttemp                     (abs)        007E
ttemp0                    (abs)        007E
ttemp1                    (abs)        0081
ttemp2                    (abs)        0084
ttemp3                    (abs)        0087
ttemp4                    (abs)        007F
wtemp                     (abs)        007E
wtemp0                    (abs)        007E
wtemp1                    (abs)        0080
wtemp2                    (abs)        0082
wtemp3                    (abs)        0084
wtemp4                    (abs)        0086
wtemp5                    (abs)        0088
wtemp6                    (abs)        007F


FUNCTION INFORMATION:

 *************** function _main *****************
 Defined at:
		line 86 in file "main.c"
 Parameters:    Size  Location     Type
		None
 Auto vars:     Size  Location     Type
		None
 Return value:  Size  Location     Type
		None               void
 Registers used:
		wreg, status,2, status,0, pclath, cstack
 Tracked objects:
		On entry : 
		On exit  : 
		Unchanged: 
 Data sizes:     COMMON   BANK0   BANK1   BANK3   BANK2
      Params:         0       0       0       0       0
      Locals:         0       0       0       0       0
      Temps:          0       0       0       0       0
      Totals:         0       0       0       0       0
Total ram usage:        0 bytes
 Hardware stack levels required when called:    4
 This function calls:
		_init
		_rf_decode
 This function is called by:
		Startup code after reset
 This function uses a non-reentrant model


 *************** function _rf_decode *****************
 Defined at:
		line 94 in file "main.c"
 Parameters:    Size  Location     Type
		None
 Auto vars:     Size  Location     Type
  podatak         1    2[BANK0 ] unsigned char 
 Return value:  Size  Location     Type
		None               void
 Registers used:
		wreg, status,2, status,0
 Tracked objects:
		On entry : 
		On exit  : 
		Unchanged: 
 Data sizes:     COMMON   BANK0   BANK1   BANK3   BANK2
      Params:         0       0       0       0       0
      Locals:         0       1       0       0       0
      Temps:          0       2       0       0       0
      Totals:         0       3       0       0       0
Total ram usage:        3 bytes
 Hardware stack levels used:    1
 Hardware stack levels required when called:    2
 This function calls:
		Nothing
 This function is called by:
		_main
 This function uses a non-reentrant model


 *************** function _init *****************
 Defined at:
		line 189 in file "main.c"
 Parameters:    Size  Location     Type
		None
 Auto vars:     Size  Location     Type
		None
 Return value:  Size  Location     Type
		None               void
 Registers used:
		wreg, status,2, status,0, pclath, cstack
 Tracked objects:
		On entry : 
		On exit  : 
		Unchanged: 
 Data sizes:     COMMON   BANK0   BANK1   BANK3   BANK2
      Params:         0       0       0       0       0
      Locals:         0       0       0       0       0
      Temps:          0       0       0       0       0
      Totals:         0       0       0       0       0
Total ram usage:        0 bytes
 Hardware stack levels used:    1
 Hardware stack levels required when called:    3
 This function calls:
		_init_buzz
		_init_debug
		_init_rf
 This function is called by:
		_main
 This function uses a non-reentrant model


 *************** function _init_rf *****************
 Defined at:
		line 271 in file "main.c"
 Parameters:    Size  Location     Type
		None
 Auto vars:     Size  Location     Type
		None
 Return value:  Size  Location     Type
		None               void
 Registers used:
		None
 Tracked objects:
		On entry : 
		On exit  : 
		Unchanged: 
 Data sizes:     COMMON   BANK0   BANK1   BANK3   BANK2
      Params:         0       0       0       0       0
      Locals:         0       0       0       0       0
      Temps:          0       0       0       0       0
      Totals:         0       0       0       0       0
Total ram usage:        0 bytes
 Hardware stack levels used:    1
 Hardware stack levels required when called:    2
 This function calls:
		Nothing
 This function is called by:
		_init
 This function uses a non-reentrant model


 *************** function _init_debug *****************
 Defined at:
		line 282 in file "main.c"
 Parameters:    Size  Location     Type
		None
 Auto vars:     Size  Location     Type
		None
 Return value:  Size  Location     Type
		None               void
 Registers used:
		wreg
 Tracked objects:
		On entry : 
		On exit  : 
		Unchanged: 
 Data sizes:     COMMON   BANK0   BANK1   BANK3   BANK2
      Params:         0       0       0       0       0
      Locals:         0       0       0       0       0
      Temps:          0       0       0       0       0
      Totals:         0       0       0       0       0
Total ram usage:        0 bytes
 Hardware stack levels used:    1
 Hardware stack levels required when called:    2
 This function calls:
		Nothing
 This function is called by:
		_init
 This function uses a non-reentrant model


 *************** function _init_buzz *****************
 Defined at:
		line 249 in file "main.c"
 Parameters:    Size  Location     Type
		None
 Auto vars:     Size  Location     Type
		None
 Return value:  Size  Location     Type
		None               void
 Registers used:
		wreg
 Tracked objects:
		On entry : 
		On exit  : 
		Unchanged: 
 Data sizes:     COMMON   BANK0   BANK1   BANK3   BANK2
      Params:         0       0       0       0       0
      Locals:         0       0       0       0       0
      Temps:          0       0       0       0       0
      Totals:         0       0       0       0       0
Total ram usage:        0 bytes
 Hardware stack levels used:    1
 Hardware stack levels required when called:    2
 This function calls:
		Nothing
 This function is called by:
		_init
 This function uses a non-reentrant model


 *************** function _prekidna_rutina *****************
 Defined at:
		line 135 in file "main.c"
 Parameters:    Size  Location     Type
		None
 Auto vars:     Size  Location     Type
		None
 Return value:  Size  Location     Type
		None               void
 Registers used:
		wreg, status,2, status,0, pclath, cstack
 Tracked objects:
		On entry : 
		On exit  : 
		Unchanged: 
 Data sizes:     COMMON   BANK0   BANK1   BANK3   BANK2
      Params:         0       0       0       0       0
      Locals:         0       0       0       0       0
      Temps:          5       0       0       0       0
      Totals:         5       0       0       0       0
Total ram usage:        5 bytes
 Hardware stack levels used:    1
 Hardware stack levels required when called:    1
 This function calls:
		_led_show
 This function is called by:
		Interrupt level 1
 This function uses a non-reentrant model


 *************** function _led_show *****************
 Defined at:
		line 291 in file "main.c"
 Parameters:    Size  Location     Type
		None
 Auto vars:     Size  Location     Type
		None
 Return value:  Size  Location     Type
		None               void
 Registers used:
		None
 Tracked objects:
		On entry : 
		On exit  : 
		Unchanged: 
 Data sizes:     COMMON   BANK0   BANK1   BANK3   BANK2
      Params:         0       0       0       0       0
      Locals:         0       0       0       0       0
      Temps:          0       0       0       0       0
      Totals:         0       0       0       0       0
Total ram usage:        0 bytes
 Hardware stack levels used:    1
 This function calls:
		Nothing
 This function is called by:
		_prekidna_rutina
 This function uses a non-reentrant model



MODULE INFORMATION

Module		Function		Class		Link	Load	Size
shared
		__initialization		CODE           	0015	0000	16

shared estimated size: 16

main.c
		_init          		CODE           	0144	0000	40
		_init_debug    		CODE           	019D	0000	14
		_main          		CODE           	017F	0000	16
		_init_buzz     		CODE           	018E	0000	16
		_init_rf       		CODE           	01AA	0000	10
		_led_show      		CODE           	016B	0000	21
		_prekidna_rutina		CODE           	00C8	0000	125
		_rf_decode     		CODE           	0028	0000	161

main.c estimated size: 403

